
> leafletosm@0.1.0 build
> react-scripts build

node.exe : 
(node:24352) [DEP0176] 
DeprecationWarning: 
fs.F_OK is deprecated, 
use fs.constants.F_OK 
instead
At line:1 char:1
+ & "D:\AppsStudy\NodeJ
S/node.exe" "D:\AppsStu
dy\NodeJS/node_modules/
np ...
+ ~~~~~~~~~~~~~~~~~~~~~
~~~~~~~~~~~~~~~~~~~~~~~
~~~~~~~~~~~~~~~~~~~~~~~
~~
    + CategoryInfo     
         : NotSpecifi  
  ed: ((node:24352)    
 [D...ts.F_OK inste    
ad:String) [], Rem    
oteException
    + FullyQualifiedEr 
   rorId : NativeComm  
  andError
 
(Use `node 
--trace-deprecation 
...` to show where the 
warning was created)
Creating an optimized production build...
Compiled with warnings.

[eslint] 
src\App.js
  Line 119:6:  React Hook useEffect has a missing dependency: 'fetchOsrmRoute'. Either include it or remove the dependency array  react-hooks/exhaustive-deps

Search for the keywords to learn more about each warning.
To ignore, add // eslint-disable-next-line to the line before.

File sizes after gzip:

  114.27 kB  build\static\js\main.05c57f6e.js
  7.18 kB    build\static\css\main.9b3d9e43.css
  1.76 kB    build\static\js\453.e9769acc.chunk.js

The project was built assuming it is hosted at /.
You can control this with the homepage field in your package.json.

The build folder is ready to be deployed.
You may serve it with a static server:

  npm install -g serve
  serve -s build

Find out more about deployment here:

  https://cra.link/deployment

